// Jest Snapshot v1, https://goo.gl/fbAQLP

exports[`Deck renders properly 1`] = `
<withTheme(Card)>
  <TouchableOpacity
    activeOpacity={0.2}
    onPress={[MockFunction]}
  >
    <CardContent
      style={
        Object {
          "marginHorizontal": 8,
        }
      }
    >
      <Title />
      <Subheading />
    </CardContent>
    <CardActions>
      <withTheme(Button)
        onPress={[MockFunction]}
        primary={true}
      >
        Edit
      </withTheme(Button)>
      <withTheme(Button)
        onPress={[MockFunction]}
        primary={true}
      >
        Delete
      </withTheme(Button)>
    </CardActions>
  </TouchableOpacity>
</withTheme(Card)>
`;
