// Jest Snapshot v1, https://goo.gl/fbAQLP

exports[`Deck renders properly 1`] = `
<withTheme(Card)
  style={
    Object {
      "borderColor": "rgba(0, 0, 0, .32)",
      "borderWidth": 0.5,
      "elevation": 0,
    }
  }
>
  <TouchableOpacity
    activeOpacity={0.2}
  >
    <CardContent
      style={
        Object {
          "marginHorizontal": 8,
        }
      }
    >
      <Title />
      <Subheading />
    </CardContent>
    <CardActions>
      <withTheme(Button)
        onPress={[Function]}
        primary={true}
      >
        Edit
      </withTheme(Button)>
      <withTheme(Button)
        onPress={[Function]}
        primary={true}
      >
        Delete
      </withTheme(Button)>
    </CardActions>
  </TouchableOpacity>
</withTheme(Card)>
`;
