// Jest Snapshot v1, https://goo.gl/fbAQLP

exports[`Deck renders properly 1`] = `
<withTheme(Card)
  style={
    Object {
      "marginVertical": 4,
    }
  }
>
  <TouchableOpacity
    activeOpacity={0.2}
    onPress={[MockFunction]}
  >
    <Card.Content>
      <Title />
      <Subheading />
    </Card.Content>
    <Card.Actions>
      <withTheme(Button)
        onPress={[MockFunction]}
        primary={true}
      >
        Edit
      </withTheme(Button)>
      <withTheme(Button)
        onPress={[MockFunction]}
        primary={true}
      >
        Delete
      </withTheme(Button)>
    </Card.Actions>
  </TouchableOpacity>
</withTheme(Card)>
`;
