// Jest Snapshot v1, https://goo.gl/fbAQLP

exports[`Flashcard does not render a action when onFlashcardDeleted is null 1`] = `
<withTheme(Card)>
  <Styled(CardContent) />
</withTheme(Card)>
`;

exports[`Flashcard renders properly 1`] = `
<withTheme(Card)>
  <Styled(CardContent) />
  <Styled(CardActions)>
    <Styled(Component)>
      <DeleteIcon
        color="#3f51b5"
        onPress={[MockFunction]}
        size={24}
      />
    </Styled(Component)>
  </Styled(CardActions)>
</withTheme(Card)>
`;
