// Jest Snapshot v1, https://goo.gl/fbAQLP

exports[`EditDeck renders properly 1`] = `
<Styled(Component)>
  <FormikDeckForm
    formRef={[Function]}
    handleSubmit={[Function]}
    initialValues={
      Object {
        "id": "606a1255",
        "questions": Array [],
        "title": "React",
      }
    }
  />
</Styled(Component)>
`;
