// Jest Snapshot v1, https://goo.gl/fbAQLP

exports[`EditDeck renders properly 1`] = `
<Component
  style={
    Object {
      "flex": 1,
      "padding": 8,
    }
  }
>
  <FormikDeckForm
    formRef={[Function]}
    handleSubmit={[Function]}
    initialValues={
      Object {
        "id": "606a1255",
        "questions": Array [],
        "title": "React",
      }
    }
  />
</Component>
`;
